Wanstead
limns 
Kansas City, MO
miñhyuks blink™️
Turtle Island
Florida 
Port Washington, Wisconsin
Leeds/Lincoln
churnod
Sebokeng, South Africa
Isle of Man 
Seminole, OK
newport news, va
Irving, TX
Texas, USA
Upper Norwood
United States
in hell, temporarily on earth!
Kolkata
T.O, Canada
Oregon, USA
Los Angeles, CA
Vandalia/Columbus
Mumbai, India
Esikhawini
San Francisco, CA
La Quinta, CA
Klein, TX
Lima, Peru
Ardsley, NY
Sauville - Circa: 1920
The Internets
🗣WHERE DA BEARDS AT😍
93
Trinidad and Tobago
Massachusetts
Fl Keys
sc: sabrina.bonilla
Lisboa
satx
worldwide
Balboa Savings & Loans
Crying Over Yakuza Boys
Omro, WI
Norman, OK
🕳️
Power of armys | 🇨🇦
Interwebs
Clarksville IN 
Chicago, IL
Malaysia
United States
Dirty Bronx Nigga in Orlando
England, United Kingdom
Here, there & everywhere
London
México
Anywhere and Everywhere
United Kingdom/Worldwide
la tierra lamentablemente(arg)
Atlanta, GA
Illinois, USA
Hoover, AL
HOU$TON
Columbus, OH
(F)EARTH
Aberystwyth / Washington D.C.
Fort Walton Beach, FL
help
@hellobangsie 's collarbones
wish it is South Korea
Louisiana hoe 
HOSEOK DAY 
United States
Omaha, NE
views from the 817 ➡️ 512
The Trap Cowboy
Inside you
Hongcheon-gun, Republic of Korea
Minneapolis, Minnesota
Monterrey, Nuevo León 
San Salvador, El Salvador
Texas, USA
Rawalpindi
415
HQ - New Westminster, BC
Golden sky
Hornchurch, Essex
bed
Glasgow, Scotland
Texas, USA
Granite City 
Endola
she/her
#BerryLicious.
United States
New York, NY
Lokoja, Nigeria
Argentina
Dublin City, Ireland
Northview, MI
Columbus, GA
nova, 19, bts & love live
Rexburg, ID
Las Vegas, NV
Northern California
SE London
Jacksonville, FL
Johore, Malaysia
Norfolk, VA
San Diego
London, UK
Johannesburg/Port Shepstone.
USA
fort lauderdale, fla
United Kingdom
London, Ontario
Born in Brazil
Truro, England
iceszn
AlDubNation World
the dimension where DNA is
Santiago City, Cagayan Valley
University of South Carolina
dongyeols HEART
Ann Arbor, MI
20/m/low effort 
Barranquilla, Colombia
Gloucestershire.
RIP Michael Henry 
Elstree, Herts
VA
Cleveland
Concepción, Chile
Little Rock, AR
San Francisco, CA
Brasília, Brasil
Cambridge, OH
Punjab, Pakistan
traditional territory of Huron-Wendat, Abenaki, Wabanaki Confederacy, Wolastoqiyik & Haudenosaunee (à Québec)
215
Yonkers, NY
Phoenix, AZ
vijayawada
316 
Odenton, MD
Garland, TX
Ciudad del vino 
w jalen ;)
Cambridge, England
New jersey 
Stockton-on-Tees
Fillory 
India
LDN
KOP, PA
Belfast, Northern Ireland
Seattle
w/ aa❤️
Bahrain
TX
Canada
Na Praia🌴
Webster Groves, MO
Atlanta, GA
India
Armchair, Lounge 
Pozzuoli, Campania
Washington State
Texas, USA
Jurassic Park
Louisiana, USA
with y(our) girl 
RITRITWORLD
Baytown, TX
South Florida
Nova Scotia
Cefn Fforest via neath 
Michigan, USA
Brooklyn!
İstanbul, Türkiye
Planet Mül. 
Columbus, OH
Sesimbra
New Hampshire
❤🇮🇳✴OURGREATINDIA✴🇮🇳❤
Charlottetown, PE
In tHe StuDio
TN
htx
     blm // 🌈
iCcago, Illinoish
Virginia, USA
EXO'rDIUM
Edinburgh, Scotland
— army 🏹
Cicero, IN • Bloomington, IN
Bishop Auckland, England
Miami, FL
Bangalore
Sylva, NC
Islington
Castle Krakenberg, Nohr
she/they
England
 Out Of Your League
Nairobi
Not Russia
bellshill scotland
Oklahoma, USA
Racetracks Around The Country
301
he/him
Oakland Park, FL
Paris, FR
London, UK
San Diego, CA
방탄소년단 
Clarksville Maryland, USA
Oregon, USA
nune 
Chelsea/Big Rapids
LexWiL@Yahoo.Com
cairo
England, United Kingdom
(she/her)
Sierra Vista, AZ
South Africa 
Kimberley • Bloemfontein 
Philippines
UK
Passthechill , USA
USA
Derby
South Africa
Chicago/Atlanta
Leeds
Iowa City, IA
Loveland City Schools
Latin Haven in America's penis
City of Angels
België
Baton Rouge or Jackson
BMT. 
Torbay Devon 
Paradise
NYC, Yoongi's heart
Vietnam
New York City
turn notifications on
https://gab.ai/Girl_Grimly
Pakistan
locked in my mind
United Kingdom, London
Lagos,Nigeria
Scotland, United Kingdom
San Jose, CA
Quezon City, National Capital 
Moosonee, ON, Canada
omertà
 42 Wallaby Way, Sydney 
MG/NMB🌴🇭🇹   #ROTR On Da Way
Caracas, Venezuela
Grambling, LA
multifandom
Call me Donn
BTS's Heart
Netherlands
In this crazy world not of it
Benue state/Nigeria
BTS_land
United States
ÜT: 7.4026814,3.9419721
Scarborough 🇨🇦🇬🇾
Trump USA
Kilmacrennan
leia o tweet+fixado
Deutschland
Unfollow me i will unfollow
별빛처럼 빛날 내일을 꿈꾸던 밤
Orlando, FL
Hartford, CT
Morgantown, WV 
Philadelphia, PA
Oshkosh, Wisconsin
THE BRONX, NY 
The Sanctuary
Pta-Rusty 
Las Vegas, NV
Nairobi, Kenya
the park
Dallas, TX
In outer space. Instagram @jubicocoa
ic: @alequiaa
Miami, FL
Republic of Croatia
Luxémont-et-Villotte, France
i don't fuckin know lOOOL
judith + eloi 🕊
Las Vegas
Canada
El Paso, TX
Harlow, Essex
Cedar Falls, Iowa
 Cordoba - Argentina
Seul, Korea Południowa
South Africa
United States
London, England
Offi.NamSeok's forehead 
Philippines
Norway
Lagos, Nigeria
kpop; mobage; ocs; whatever
Somewhere in the world 
Somewhere being great
they/she.
Toronto, Ontario
Male
Cyprus
United States
Nth Ferriby, UK / Boston, USA
Dearborn Heights, MI
Raven M.
Valencia, España
detroit chicago berlin
iKun|Kermit Entertainment
Trenton, NJ
snap/ ivyisamonster
New York, NY
Jaes closet
Las Vegas NV
 7 nascar teams follow me
Philippines 🇵🇭
Where The Music Is
NY
Spintex Road, Ghana
Baden-Württemberg, Deutschland
Vermont, USA
Dunia_Semu, Impian_Semu 
Ginir, Ethiopia 
Mammoth Lakes, CA
somewhere in the world
central north island 
York, England
Los Angeles
Rapid City, SD
Hà Nội, Việt Nam
솝 | hoseok daddy + soft yoongi
In the Gym
College Station TX
jironstrong
Pakistan
France
Atlanta - Boulder - Tahoe - SF
cloud 9
Wolverhampton, England
Florida, USA
Philadelphia, PA
Kollam, India
Far from you
Dopsy
Pakistan 
São Paulo, Brasil
Tampa, FL
cash me ousside how bow dah
kent state
Hackney, London
DeKalb, IL
UK
In your heart!
Newcastle
Morocco🇲🇦🇲🇦🇲🇦🇲🇦🇲🇦
Downtown, Cleveland
blackpink's house
South Africa
Over your sad empty town
erie, pa ➳ virginia beach, va
Europe :)
Earth!!!
Virginia, USA
dallas
Bieberland
Brazil
1997
Tallahassee Florida, USA
li • ny
Toronto
Hồ Chí Minh, Việt Nam
Shelby, NC
Faridabad
#TrentonMakes
southbank tx
Boston, MA
Perdida en Madrid💙
Stockholm, Sverige
miami 
Memphis, TN
Restaurant
New Glasgow,Nova Scotia
PG County 28th Ave Marlow
Portugal
Somewhere Out There
Brasil
Владивосток, Россия
G.R.8.U M/V set
New Jersey, USA
Hallandale Beach FL
chicagoland
United States
Piździszewo ✌
Madison, NC
Nice, France
Agartala, India
Malaysia
home is where Xenoblade is
Halifax, Nova Scotia, Canada
Ghaziabad, Uttar Pradesh
Everywhere
Portland, OR native
United States
Denver, CO
1990
Brentwood, NY
Kenya
Aboard the Leviathan
PensKayfabe
Toronto, Ontario
Eastern PA
Ennis,MT
Missouri, USA
Germany
Kumasi, Ghana
North Carolina, USA
From Jammu Hindu Desh
SC 
Los Angeles, CA
Italy
New York, NY
New York, NY
350 N. Fairfax // htx
#PoeticStyleZinMotion
Philippines 🇵🇭 C A M I L A
London
Indianapolis, IN
Umass
CA
London
Japan. Art University.
 AZ
510 NW 5th Hudson St Oklahoma 
Chicopee, MA
Minnesota, USA
England, Essex, Braintree
Cali
Hyderabad, India
So Cal
Nashville, TN
northern Florida, USA
kasper | 23 | they/them
kasper | 23 | they/them
Mumbai, India
United States
ＳＯＭＥＷＨＥＲＥ　ＩＮ　ＴＨＥ　ＴＩＭＥ　ＳＴＲＥＡＭ
Belo Horizonte, Brasil
en las nubes ☁️
Santo Domingo Oeste
Somewhere livin' and learnin,
United States
McCreary 
Here, there, everywhere
Santa's Inactive Workshop+not at a wdw concert
R | F | Y | L | Y 
İstanbul, Türkiye
United States of America
San Antonio, TX
Worldwide 
423 
Florida, USA
germany 
United States
859 Rt 25 Wentworth, NH USA
My house
Probably In Yo Hood
Golden, CO
Larry Organization
born in Czech Rep. - living in Austria
Liverpool, England
— army 🏹
VA
Manhattan, NY
Manchester, England
Redbud. IL
नाशिक, भारत
Zennewijnen
☼NOLA☼
Satan's armpit aka Shiguagua
Winterville, NC
UK
ÜT: 52.813756,6.081294
Okmulgee, OK
   india   karnataka   shimoga
United Kingdom
KUVUKILAND
green$boro / fayetteville 
Louisiana, USA
Hamburg, Deutschland
sm•old magcon•so•j and j•5sos
Mississippi, USA
US
Lagos, Nigeria
Las Vegas
Argentina
turn on notifs
JOIN US ON FACEBOOK TOO:
Edmonton 
Brugge, België
Mississauga Ontario Canada
My Cellphone
Tu Corazón
Sonoma County California
With Your Dad
Falmouth, Cornwall
South Africa
Glasgow, Scotland
North Carolina, USA
Franklin, OH
Pretoria, South Africa
Aberystwyth, Wales
march 4,2017 • moon ☾
Kalimantan Timur, Balikpapan
uH™
Oliveira do Bairro, Portugal
Morristown, NJ
La Rochelle, France
Earth 616 Space Sector 2814
Accra, Ghana
Украина
Greenville, SC
Belgique
Brooklyn, NY
Puerto Rico
errshire
Europe I think 
One-Four
Arlington, TX
Virginia, USA
San Francisco, CA
Pasig City
Toronto, Ontario
Limoges, France
Westmoreland County, PA
Purgatory 
Blue State.
United States
new jersey
houston tx
Beverly Hills, CA
Siliguri, India
Bloemfontein, South Africa
แฟนเพจ+ฉากตัด (ลิ้งค์ด้านล่าง)
Alt er love
New Jersey, USA
São José dos Campos,SP - BR
beyond time and space
Rhode Island, USA
Barnet, London
California
Lexington and Louisville, Ky
California, USA
Cody, Steven
Neocity
Kentucky, USA
Atlanta, GA
Hawaii 
New Orleans
The United States of America
Amsterdam
Seattle, Washington
laughing
Tallahassee, FL
PG D(M)V
Polokwane, South Africa
Houston, TX
Manila, Philippines
Texas, USA
Mumbai
Egypt  cairo - Born in March 2
Walnut Grove, GA
Oran
California, USA
Bristol, England
York, PA
Alaska, USA
Corpus Christi, TX
uwu™️
Mushroom Kingdom
England whitnash 
on the verge
United States
Ibadan, Nigeria
🇧🇷
adjusting my crown¿
Rest well Jonghyun
구독
Johannesburg, South Africa 
Earth
Columbia, Maryland
South Africa
Paddy's Irish Pub
SUNGMIN ♡ | 백현' | RIT6 | Hugo
Johannesburg, South Africa
United States
no where
kansas city, ks
London
Clinton, MS
Malaysia
Earth
Lost Angeles
Abuja, Nigeria
Oklahoma, USA
Wirral, England
California
1800-choke-that-hoe
Augusta, GA
Portland, OR
San Francisco
Columbia, Missouri, USA
New Brunswick, Canada
Chicago, IL
tamilnadu
Schweiz
Downham market, UK
Raleigh, NC
Manila, AR
West Virginia, USA
Virginia U.S.A 
Bitchh Im Wit The Killas ❗️
김태형
multi fandom
Kentucky, USA
Longmont, CO
Vagabond
Under Your Bed
Cidade Universitária, Maceió
Lowell, MA
กรุงเทพมหานคร, ประเทศไทย
En Tus Sueños
London, England
Cleveland, OH
United States
Pasay City
🌎TrumpQuilityBase🌖Alabama🚀
Vancouver, B.C
London, England
NYC
Minneapolis, MN
ccujm🌹
Buenos Aires, Argentina
Los Angeles, CA
Cleveland, OH
Division No. 11, Saskatchewan
Nairobi, Kenya
Brugge, België
The Villages, FL.
20 • she/her
Leicester, England
Kansas City, MO
Mile High Club..
Joliet, IL
En el corazón de mi mascota.
Port Hueneme, CA
Mumbai
Carolina
Pittsburgh, PA
Norcross, GA
Chicago suburbs
bay area
San Jose, CA
India
the district.
houston texas
Bishop Hill, Illinois
Wauwatosa, WI
in your dirty dreams 💞
Kentucky, USA
Wyandotte, MI
Texas, USA
Elvas
Mokopane, South Africa
860
probably crying outside of a movie theater
California, USA 
United States
London, England
Paris
18ro™
Stockton, CA
Baltimore, MD
santa rosa, california
Phitsanulok, Thailand
नई दिल्ली, भारत
Inferno.
wayne,mi. born in tha d
日本 関東地方
Ottawa, Ontario
Polokwane, South Africa
South Africa
818
A golf course somewhere
En tu kora wapo 
Houston, TX
Fresno, CA
Tampa, Fla.
Florida, USA
Glendale, Arizona
heat haze
San Francisco Bay Area
Frozen over hell, USA
America 
Detroit, MI
Miami/Tampa
Sudan / KSA 
Bogotá, D.C., Colombia
Chicago
thick&pretty
Concord, NC
Utrecht, Netherlands
Gaithersburg, MD
Los Angeles, CA
hold up wait, new location
Toronto, Ontario
White Bear Justice Park
Mexico
Medellín, Colombia
London/Newcastle-Upon-Tyne
Cypress, tx
Islam Abad
NapTown, MerryLand
North Ridgeville, Ohio
Ghana
Burg ✈ Detroit ✈️ Oklahoma
Bradford
yo favorite SEK fatboii
Tema, Ghana
W.TheShhMONEY
Coimbatore(south)
South Bay fl
Atlanta, Georgia
Republic of Korea
Pittsburgh
alex | she/he | ixtj
Raleigh, NC
Toronto, Ontario
Angleton, TX
W amanda 📍
Charlotte, NC
Broward County 
Kuwait
Massachusetts
Neverland
I'm legally blind, soz.
Texas
Nigeria
Los Angeles
love y’all ♡
two steps from hell
Dhaka, Bangladesh
Toronto, Ontario
336 Hoe
tre 7, alabama
Georgia, USA
NEW YORK GIANTS
lily, lauren, jai, alex
Los Angeles, CA
Romans 8:18
2028
Collado Villalba, España
Gaga's arms
💕
(Parody)
Panamá
afBANDistan,OH
free palestine
Milano, Italy
Jaipur, India
Steelers‼️
Rennes
My prince
Dallas, TX
Asserback Kentucky 
lg[b]t
Long Island, New York
Granada
gringolândia unfortunately
Indonesia
India
so cancel it
winnipeg,manitoba,canada
Calgary, Alberta
Trois-Rivières, QC, Canada
Detroit, MI
Friartown, USA
Dallas, TX
Santo Augusto, RS
Bhubaneshwar, India
5HINee's heart 💎 on the moon 
Cagayan De Oro City, Northern 
Santafistán.
bellflower, ca
Ava
US/Canada
Canovanas,Puerto Rico 
South Africa
Yarmouth, NS, Canada
Pittsburgh, PA
England, United Kingdom
Colorful ♥ Colorado 
Base of Pikes Peak
East Northport, NY / Queens,NY
Posen, IL
Pennsylvania, USA
WORLWIDE, BTS
Nashville, TN
Correggio, Emilia Romagna
99% chance I'm with Joey
Michigan, USA
Louisville, KY
rest in paradise, jonghyun 🌹
Canelones, Uruguay
a place my bias does not seek
Lesotho
India
Hogwarts
México
Houston, TX
Satan's Asscrack
Baltimore, MD
St Augustine, FL
Animal world/ Gaming World!!
Lake Michigan
rio grande do sul
jimin
The Hilltop (Dallas, TX)
Down South in Dixie.
Bethesda, MD
London
Lagos,surulere
Lawrenceville, GA
Los Angeles, CA
Light Comes For Everything
Lagos, Nigeria 
Las Vegas, Nevada
Europa
Miami, Florida
+62. L-osers🚫
pft™
chan’s kitchen + straybts
Belém, Brasil
Nagaland, India
Melbourne, Victoria
Nagaland, India
Alexandria, LA
☔
jackson & jinyoung
Cartagena, Colombia
Cartagena, Colombia
kindness and love ♡
not him | h 
Top Grannies
YMC 🇰🇷🇵🇭
Emicimbini
Lagos Nigeria
Birmingham, England
wishanigga woods
SOUTH WEST PHILLY 📍
Miami, FL
Portland, OR
BADLANDZ
LAY BAEKHYUN SEHUN 
Hope World
Hastings 
Guguletu, South Africa
Russia, Moscow
the sleepy cotswolds
San Diego CA
Waco, TX
Chicago, IL
ハーフ
Los Angeles/Santa Barbara, CA
Someplace City, Real State USA
Hong Kong
my angel was
USA
Bengaluru, India
Canelones, Uruguay
Tallahassee, FL
Cullinan, South Africa
I wish it was Seattle
 
Pune India
WORLWIDE, BTS
Long island, NY
Toledo, OH
Toronto, Ontario Canada
Columbia, S.C.
Gaia
St.louis Missouri
Baltimore, MD
Lotusland, Ahiah
looking for a clearance rack
Norway
Hyperbolic Time Chamber
*parody*
Water Valley, MS
Indiana, USA
Alief, Houston
Falling From Cloud 9...
Roanoke, VA
Panro/gray-ace
Turn on post notifications
Lincolnshire, UK
Lahore, Pakistan
20, cambridgeshire
Formerly DC, now further West.
Virginia, USA
East London, South Africa
New Orleans, LA
Richmond, VA
Paris, France
Arkansas, USA
Orlando, FL
Victory Mansions 
Tucson, AZ
Batangas City, Batangas, PH
Portland, CT
Heaven,Accra Ghana
#yafavpothead
Harmony💗
Halifax, Nova Scotia
America (the states one not the poor one)
United Kingdom
Houston📍
Charlotte, NC
Australia
ladies loving ladies
justine ✨
Cleveland, OH
MI✈️AZ
Georgia
toronto
where the money take me
il
Darkest Maine
Nigeria
Tabasco, México
Ohio
biggest white jeongyeon stan
Texasssss✨
London, England
Ludhiana, Punjab
Oakland, CA
Ohio, USA
Redesign. Rebuild. Reclaim
Denver, CO
London, England
Where The Money At 
was heeyungs/01prismp3
Switzerland
Wilmington, NC
crying somwhere 
San Diego and Twentynine Palms
INFT x Shinee x Highlight
Bavaria, Germany
Vietnam
Leoben, Austria
London
Pittsburgh, Pa. USA
maceió
Boston/ktown
Miramar, FL
State University Tech
she/they | SCAD 2021
Wisconsin, USA
Canelones, Uruguay
Sonoma, CA
Meerut, India
Los Angeles, CA
Minsk, Belarus
Tema.gh
Houston, TX
South Africa
w Homer 😇❣️
Atlanta, GA
I'm Not Going To Tell You
Bethesda, MD
Texas 
Nigeria
Winter is too damn cold here !
USA
Middle Earth
Nigeria.
Maryland, USA
Michigan
850
The Shropshire Hills. 
Republic of the Philippines
Nigeria
دولة قطر
burg
Houston, TX
Houston, TX
caçamba de lixo
new
United States of America
Stan Talent, Stan Everyone
Potter's hand ✋ 
Maftown, Bokone Bophirima
home
Hernando, MS
she/her | s&e asian
Tanta, Egypt
Sector 15A, Faridabad
$ix 1 Four 
Pueblo, CO
Bekasi
west Yorkshire, England 
Texas, USA
1deep🗣
London, England
Hull, England
Kentucky
New in AZ to turn it BLUE
Your Main Girls Crib
Ghana
Truro, England
Plantation, FL
76
on the earth duh 
White Plains, NY
Nigeria
GBK, KL
Quito
on top of the world
hell
US 
Lau’s face
Marseille/Les Baux de Provence
C☁️no.9🙃 
Penn State University, PA
Florida, USA
Lagos, Nigeria
Southwick
Isla Vista, CA
Vancouver, British Columbia
JK JM JH YG RM V SJ thicc ass.
California
Valhalla
Lamar University  
Alexandria, VA.
Bedfordshire
Boston Massachusetts
away from atl
Rawalpindi, Pakistan
박진영 💌
LA, CA
Turkey
Canada
Wakanda Forever✴
cornwall 
Greensboro, NC
อ.เมืองสมุทรปราการ
Croydon
H-town vicious 
Suisse
Nashville, TN
TaEhYuNg’S HeArT.....
Trust the process..
Ulysses, KS
Texas, USA
New Lenox, IL
Global
ocrp/nsa/soft nsfw/99% eng
Cidade Universitária, Maceió
Summer Isles
Bakersfield, CA
Middlesbrough/London
 
God is greater.
Oklahoma, USA
O H I O
USA
North Region, Singapore
Florida, USA
New York/Louisiana
Austin, TX
my universe
Lagos, Nigeria
Anywhere the hustle leads. 
Brooklyn, NY
♂ || lottie | h s j³ g v k²
Toronto, Ontario
Florida
Intercourse, PA
New York, USA
California, USA
Hell
Glasgow, Scotland
in my bag
The Kitchen
Tonbridge
Huntersville, NC
London, United Kingdom
Louisville, KY
Sweet Home Alabama
Phoenix, AZ
Los Santos, CA
Live From Hell
Houston, TX
so far away 
online 
South Bend, IN
🌎
Mesa, Arizona
Trumpsville
Beijing
Boston
King Williams Town, South Africa
Houston, Tx 
New York, NY
Sandy Eggo - Sloe Deth
Twitter
Atlanta, GA
Imagination 
Choklahoma
London, England
Long Island, New York
In My Skin 
Criado: 01.01.2015
İstanbul, Türkiye
Dallas, TX
Beeswax, Not Yours, Inc.
Zanesville, OH
태태 ^ㅁ^ 네모입
Lagos, Nigeria
Yorkshire
Jaz 🇵🇰
insider blessings
Zagreb
United Kingdom
 helltown 
Texas, USA
yohan's room at swing's house
European Art School 
Across the border 
Dallas, TX
MidCity, LA
D(M)V
Suginami-ku, Tokyo
Bangalore
London, England
Bloemfontein, South Africa
United States
California, USA
ayrshire
Philadelphia 
New York, USA
Sleep
Sheffield, England
Malaysia
Montreal
Denver
Dukked Off
Hufflepuff Common Room 
Wöckhärdt-Pakistan
Columbia, MO
AFRICA IS HOME..(Gaborone BW)
Texas, USA
Usa
Bar
Chicago
Bharat
防弾少年団❀
Earth
New York, NY
Chicago, IL
Fresno, CA 
깡승윤이
Scotland
 ☀ 30/5 02/06 2AM 🌹
h/4. 28
Daveyton, South Africa
ÜT: 42.492067,-83.238962
New Jersey, USA
Maryland, USA
Jakarta Capital Region, Indone
detroit
Dallas, TX
Indiana
LIV/MCR
Kuala Lumpur Federal Territory, Malaysia
Caleta Olivia, Argentina
Knoxville, TN
#TEXAS
Littoral, Cameroon
For The Love Of Us
Seoul, Republic of Korea
Dubai, United Arab Emirates
Luton, UK
WishANiggaWoods , Pa
Charlotte, NC
England, United Kingdom
TEXAS
USA
Waterville, ME
@share_the_way
LA
Toronto, Canada
New York, NY
Houston,Tx 
India
marietta, georgia 
North Carolina, USA
United States
USA
United States
USA
USA
the nbhd • flamengo
Ann Arbor, MI
Johannesburg, South Africa
Berau, Indonesia
Seattle
Augusta, GA
Chill Towers
Country Club, FL
Palm Beach County, FL
Dardanelle Arkansas
Euclid, Ohio
Los Angeles, CA
DKI Jakarta, Indonesia
Kolkata
Galway, Ireland
Electric Avenue
Over there.
Turn on my Notifications!
Somewhere on your bed
Ohio
The Wheel
Lost in Nostalgia
multifandom♡
New Orleans, LA
Canada
California, USA
gay ✨
Skyway, WA where I'm the Mayor
11/26/16 | aac
Kidwelly, Wales
yeah i check in 
eating
Glasgow, Scotland
Sleep Alone Owns My Ass
w/ Chanyeol & Taehyung
Boston, MA
IDK...
"Fruitcakes" in VRChat n EverQuest
Salem, OR
Hell
Kolkata, India
Planet Hanyu
UK and USA
Johannesburg, South Africa
Portugal, Aveiro
Ciudad de Córdoba
AbuDhabi / Kotagiri
London
Hou$ton
SHINee World
San Francisco, CA
Waycross, GA
Ohio, USA
NO RELATIONSHIP
London, England
New Mexico
United States
254
Dallas.FortWorth.Texas
On my journey 
The Jungle
NJ ↠ MD
Pitori, South Africa
Scotland CT
lachlan ross power x
North Texas
Southwest Arkansas
Lagos, Nigeria
Kentucky, USA
United kingdom 
Cali bound☼⚜☮
Lagos Nigeria
Toronto except when I'm not
Laughing out loud
Lagos, Nigeria
Somewhere on the interweb
Nelspruit, South Africa
North Carolina, USA
Port Arthur, TX
really far up la dispute's asses
Seattle
The Fierce be with you…always.
 
Workin Out 
London
Nairobi
Bournemouth, England
0x3D95f61c07A705E9Dd271ebc3601Fc41dE89d267
Terra, Sol System, Milky Way
The Haque, The Netherlands
USA
Surrey, BC
Ankara, Türkiye
MBlauqe
South West, England
Mar's Platonic Soulmate 
DADE COUNTY
The Netherlands
East London
mcsofties | suvi | oscar
Patna, India
ARMYLÂNDIA
somewhere in the world
Stellenbosch, South Africa
iPhone: 38.566115,-121.520437
Ohio, USA
Colorado Springs
Pittsburgh
it's none of your business 
upsuh
Influencing your bitch 
South Africa
in ur mum 
Dearborn, MI
lucy x8 
Jersey City, NJ
Phoenix, Arizona
KYSER
Chicago, IL
New York, NY
Antioquia Federal
Harrisburg, PA
Realm of Creativity
poet | artist
Oregon
West Dallas
HELL
Nelspruit, South Africa
Sac Town USA
California, USA
🚶🏽‍♀️
Tualatin, OR
Washington, USA
Maine, USA
Kingdom of Saudi Arabia
ประเทศไทย
Washington, USA
Jammu, Jammu And Kashmir
CSTAT/Canyon Lake/SATX/LAX
ComboBecameKiller
Pakistan
Washington, DC
San Juan Manila
Chicago
#엑소 #EXO planet
Pietermaritzburg, South Africa
at the night show
Panamá
Dekalb, Illinois
England, United Kingdom
Midwest
Paradise, NV
Neverland
kookv yoonmin gav allv 
Smithfield, RI
London, England
Delaware, USA
Gujrat
East, England
United States
Atlanta, GA
Virginia, USA
St. Peters Bay, PE, Canada
Long Live Tunechi
SHINeeWorld
HELL
ig: jesuslover54 | sc: xxoxliv
Michigan
htx/atx
Durban____Phoenix (SA)
Fresno, CA
HELL
Rocky Mountains
Johannesburg, South Africa
An A.R.M.Y. Ocean
Pittsburgh, PA
hooker hide-a-way
Marietta, GA
United Kingdom 
Temple Cloud, England
Muncie, IN
Red Deer, AB, Canada
India
Maryland, USA
In the abroad 
Somewhere
Southbound, northbound train
Republic of the Philippines
Up to my neck in libtards
Dhaka, Bangladesh
Maldives
Miami, FL
Mumbai, India
Moncton, NB
Santa Cruz, CA
المملكة العربية السعودية
patriot trapped in blue state
Indiana, USA
à côté des voisins
Lancashire
In your heart
North Carolina, USA
Gotham City
Maggie Valley, NC
my bed
Worldwide
London New York Los Angeles
♡ : 𝚐𝚘𝚛𝚍𝚒𝚝𝚊’𝚜 𝚋𝚏𝚏.
Rockville, MD
Federal Way, WA
Maldives
New Orleans, Louisiana
Malaysia
Cali 
India 
Sweden
SOUTH FLORIDA GOTH
On Air
Mumbai 
Moon, PA
Florida/Georgia
Atlanta, GA
London, England
Earth
Greater Chicago Area
Mumbai, India
Selvadorada
Columbus,Ohio
USA
poplarville ms 
sm3/cc1/5sos3
California, USA
in some cliché 
New York, NY
SoCal
cape town, south africa
Los Angeles
Florida, USA
West Midlands
Italy
San Francisco, CA
United States
Los Angeles, CA
 Kuantan, Pahang
AZ•22
Kenya
 🌴
Viseu, Portugal
Charleston, SC
missouri
Brooklyn, NY
#Postonimgur #TEAMMAKNAE101
Shop ➡️
Araguaína, Tocantins
England, United Kingdom
Fife, Scotland
Satan's Asscrack
Television/Mp3 Player/Radio
The Netherlands
Germany
Nevers, France
PH
Norway
Earth, Sol System
แทฮยองคือผัว อย่ามาจับ
Glasgow Cathcart Constituency
01.06.17~
Stockholm, Sweden
United States of America
Bs As Argentina Papá 
757
upsidedown
✨tx
Close2U
Louisiana✈️Texas
parallel world
日本(福岡県)
Cornwall
San Diego, CA
Brie, France
Barcelona, Spain
Oregon
God Bless America 🚫🕌🚫RT=🚫 
Philadelphia
#poprapisagenre
new york/israel
BA
Florida, USA
La Verne, CA
New York, USA
England
X.O COMPANY
CA ✈️SC
Bogotá, D.C., Colombia
Bay Area 📍
San Diego, CA
Pg
Salt Lake City, UT
Los Angeles, CA
el mejor país de chile hmno
New York, USA
Toronto
France
Proud Michigander
U.S.A.
―  ws ♡
Rome, Lazio
mim acher
Cumbernauld, Scotland
Montréal, Québec
Boulder, CO
Karachi, Pakistan
liverpool, England
Bremen/Germany
jeddah, Saudi Arabia
India
Ahmadabad City, India
Pasay City, Philippines
Worldwide
Starkville, MS
Houston, TX
Cyprus
Worldwide
✶✶✶✶ 
Virginia Beach
john boy
California, USA
Blr, Mum, NY, Timbaktu
Córdoba, Argentina
Toronto, Ontario
Barcelona (Catalunya)
Jos, Nigeria.
336 to da 🐂
dead in titan's pit
Seattle, WA
DC Metro Area, USA
Orléans, Alger ,Stockholm
algum lugar
Regina, Saskatchewan
in seungkwan we trust
Tampa Bay, FL
Ecosse
Thailand
Greater Kansas City Area
Kansas City
I live in new town bitch
Hopland, CA
its faster if you roll
Global
Stresa
DC✈️ATL
U.S.A. 
Colombia
United States
Los Angeles, CA
Planet Earth
Polska
United States
Peru
Texas, USA
Chicago, IL
India
LA/ Jalisco
Eire
Cape Town
United States
Buffalo, NY
London, England
Kitchener, Ontario
Somewhere Far Away
Golden, CO
Liverpool UK
United States
Florida
7 Years For JUSTIN BIEBER:) Love AUSTRALIA  Unfollow=Unfollow:) I Follow Posetive Ppl With Posetive Mind.If You're One Of Them Then Follow Me
Kandy
Lisboa, Portugal
Toledo, OH
Nr Brampton, Cumbria
in a galaxy far far away
Lost, in a good way 
Pune, India
California, USA
India
VA
ZM,1D,LM,BTS
Holbrook, NY
my special place
Bhubaneshwar, India
Here 
On the Internet
Manchester, Wythenshawe
A World Alone
Oklahoma City, OK
Glasgow, Scotland
BWW/Taco Bell/TheCaf
College Station, TX
Madurai South, India
California, USA
Friendsville, MD
Buenos Aires, Argentina
New York
i love bacon
Poland
Super Club 
Hyderabad
aaa
australia
Newquay, Cornwall. UK
London, England
NEW PORT RICHEY,FL
At the gym. 
비밀으으으으으의 늪
toronto
DE
Seattle, WA
Fortaleza, Brasil
Gloucester, England
Scotland, United Kingdom
Cincinnati, Ohio
COLUMBUS
🇰🇪
021217 — asa; jay; thay
New York
Boston
🏠/ nfbta
multifandom
m u l t i f a n d o m
India
somewhere 
San Francisco, CA
Arlington, TX
Los Angeles, CA
お茶県
 South Africa
St Louis 
United States
Connecticut, USA
The Bay Area
United States
United States
So Nev & all over California
London
Bothell WA
604 ᴠɪᴀ 204
New Delhi, India
Florida, USA
Florida, USA
Los Angeles
the golden age
Maui, HI
Somewhere where the money is💲
bee 🐝
I live under Jacksepticeye bed
NW New Mexico, USA
 Argentina
El Daqahlia, Egypt
Canada Wide
melodrama; track 6; 1:29
Delray Beach, FL
neverland 
The Ville 
Western Pa.
hell
510, CA
Porto Alegre, Brasil
262 miles away from my love
Texas, USA
Southern California
Fortaleza, Ceará
turn on notifs
sleeonardo divincio
• Wynonna Earp • TWD • YouTube
Seattle
ควย7นิ้วหนูชอบ
In bitches search history 💅🏽
New Jersey, USA
Inglewood, CA
NYC
lia jumi bella ivana layla 
Lewiston, ME
Vienne, Autriche
Jackson, MS 
Camarillo, CA
where the wild things are
निनाण,भादरा,राजस्थान, 
DM ME RULES
Youghal Ireland
Montgomery, AL
dying.jpg
France
Minneapolis mn
us
Vancouver, British Columbia
221B Baker Street
Arizona
Abuja,Nigeria.
Singapore
Bangalore
DUBLIN
United Kingdom
Helping You Gain FOLLOWERS
Venezuela
shadow realm 
turn notifications on✨
NO
Sheffield
Virginia, USA
Mililani, Hawaii
Manchester, England
India
Pakistan
dm for rts/promos 
Phoenix ( Phx )
India
202 ✈️ 919
Lietuva
New Jersey, USA
🐝s🐮a🐶v🐱e🐳m🐘e🐰!🐁
United Kingdom
Mahabubnagar
こいついつもおひさしてんな
Guntakal, India
The unknown Universe
New Orleans, LA
Los Angeles, CA
Edo De Mexico
London, England
🇲🇾
Chicago, IL
Kuching, Sarawak
Wigan, England
London/birmingham
Angers, France
trying to be in Korea
TN
spinning like RayJ in One Wish
Get 'Perfect' on iTunes now:
maryland
Bighit
Anchorage, AK
Velma, Indian Territory 
Internet
LandOfNoAccentNorthCarolinaUSA
Austin, TX
Virginia, USA
Atlanta, GA im not from here
Marquette // Traverse City, MI
London
Wichita, KS
San Pedro, Argentina
✨BLACK HOLLYWOOD✨
En el rancho
Germany/Sudan
in my imagination 💫
 ♡
Runeterra
Procrastination Station/London
¹⁷⁰⁸²⁹
Bog🦍
Santa Catarina, Brasil
Lynchburg, VA
cologne
Barson, CA
Ryerson university 
Cibitung, Indonesia
San Diego, CA
Bangalore
Pittsburgh, PA
The Outer Rim
at a concert
Binghamton, NY -- Denver, CO
Peepin’ Out the Blinds
STAY STRONG
Launceston, England
Chennai, India
United States
they/he
Pullman, WA
Ames, IA
Central Perk
Salt Lake City, UT
Pescara
#1A #2A #Sheepdog ΜΟΛΩΝ ΛΑΒΕ
Yomama
Ohio, USA
Erie, PA
Bihar, India
NA Rock 50/50 everything 
MD Proud 🦀💪🏼
London / Essex 
Cleveland, TN
Chillin, AF
Charlotte, NC
Front Range 
Tema, Ghana
United States
North San Juan, CA
Eastleigh,Hedge End & villages
North America
Newell, WV
Wherever I can be myself
in your dreams
Boston, MA
Houston, Tx
Florida, USA
Rotterdam, Nederland
London, England
Aylesbury, England
Hermosillo, Sonora
Buenos Aires, Argentina
New york- Lagos Nigeria 
www.imstaceyrobyn.com 
south london
nymph
Johannesburg, South Africa
London, England
Salem, OR
Manila City
Quezon City, Philippines
Chicago, IL
Manchester
fever dream institute
San Marcos, TX
Chicago
California, USA
lost
Winden, Germany 
🇮🇳
RVA
mana mana jer
Lancaster, PA
Katie (KLH)
+62
33634
College Station, TX
VA
Davao Region, Republic of the Philippines
San Antonio, TX
North Wales
San Antonio, TX
Lagos, Nigeria
140116 Youngjae Lovers Lane 💖
India
Halifax, Nova Scotia
Warrington Cheshire UK 
Kansas
United States
Maryland
Sitamarhi, coimbatore,
713 ↔️ 936
stalking you or with Baby Girl
East London, Flagstaff, 🇿🇦
brooklyn u.s.a
Austin Texas
Turku, Suomi
Maldives
Seattle, WA
Austria
Virginia, USA
Norrköping, Sverige
United States
Giza, Egypt
Lovatics
ella✨ Fly to the Sky ❥
mila/khalid/shawn/dua/ari/ed
UK 
United States
Pretoria, South Africa
Bristol, England
Wesley Chapel, NC
London
Irvine, CA
Greenpoint, Brooklyn
Florida, USA
Leicester, England
I live on the Internet
Aiman's heart ❤
TheDrunkStory@gmail.com
London
around the world
Tip Of The Spear
Uptown, NY
Arkansas 
Turn right off M11.Keep going.
Slovak Republic
no relationship 
Brooklyn, NY
Earth to Sirius B
Dubai, United Arab Emirates
Planet Earth
 Tenchi bridge 
Republic of the Philippines
ʙᴀᴘ. ɪᴋᴏɴ. sᴠᴛ. ʀᴠ
Denver
Basingstoke, UK
Korea
MBKfams; ava: splendid diamond
Columbeira
Chicago, IL
Chicago, IL
Ciudad del Este, Paraguay
Quinnipiac 2017
#ศาสนาฟ่านเฉิงเฉิง #Adam0616
Washingturnt 
New Orleans, LA
Parker, CO
Chapala, Jalisco, Mexico
Stoke Newington
London, England
India
Slytherin // she | her //
New York, NY
Ohio, USA
1950s
Chicago IL, USA
b.
trying to die
Alpharetta, GA
Chicago
Alain
Bakersfield, CA
Texas, USA
Bellefontaine, OH
Atlanta, Georgia U.S.A.
USA
NSFW WARNING
São Paulo,Brazil
Oklahoma
#ReclaimingMyTime 
Caracas, Venezuela
kuwait
VA
Florida, USA
部長,Ind. Duchy of Kanawha (IDK)
CLICK THE LINK
Melbourne, Australia
United States
Press the Bell Icon👆
Milky Way 
bay area 
Armenia
somewhere your not:)
Anywhere and Everywhere 
California, USA
Daytona Beach, Florida
Las Vegas, NV
United States
Philippines
Missouri, USA
JOHOR - MELAKA
+62
HQ Detroit, Michigan
Myrtle Beach, SC
York, PA, former New Yorker 
Texas, USA
England,Bradford
Houston, TX
Rhodes, Greece 
Dysfunctional GPS
D{M}V
Jakarta
pls read link byf!
Aiea, HI
💯%Trump👊  LISTS=BLOCKED 
Massachusetts
Edinburgh, Scotland
Louisville, KY
ISIS Territory
jimin’s ass. ( IT ) 
Earth
Richmond, VA
Los Angeles
Omaha
Glasgow, Scotland
Delaware, USA
Bangor, Northern Ireland
New York
Wien, Österreich
Texas Hill Country
LA
5HINee
Islamic Republic of Iran
United States
South Africa
katlehong south ,sunrise
Somewhere
North West England
stretford manchester
el mejor país de chile
United States
Uttaranchal, India
Canvey island essex
Europe
Bukit jalil
Maldives
WorldWide🌎
Massachusetts
South Africa
Monterrey, Nuevo León
somewhere on the east coast.
Malasaña, Madrid.
Miami Shores, FL
PARIS✈️KINSHASA
MNL | NYC
Wonderland
UF '18
Glasgow, Scotland
Tucson, AZ
North Carolina, USA
Nairobi, Kenya
India
San Antonio, TX 🛫 Hawkins, TX
Victoria Island- Dubai
Brazil
Wanaraja,Garut
P L A I N F I E L D
Venezuela
Zion
partygetsmewetter
Syracuse, NY
Penang,Malaysia
Kumasi, Ghana
The Bluegrass State. 
नई दिल्ली, भारत
Little River, SC
Plymouth, England
Swansea
3/14/17♡
Bristol, England
El Alegre País de Oz
Central Iowa
Bombay
Arizona, USA 🇲🇽🌈
New Jersey 
أمين
Cornelius, NC
they/she
Rongai, Kenya
Boston, MA
Falkirk, Scotland
Connecticut, USA
patriot trapped in blue state
Where I want it to be!
Berdoo
SW Oregon
U.K. 
Peru
India (भारत)
Indiana, USA
Lawrence, MA
Charlotte, NC
Minnesota, USA
―  ws ♡
San Salvador, El Salvador
ᴬ♡ ᴰ ᵛ ᴺ³ ᴷᴶ♡
North West England
behind you
Greenwood, IN
221B
New York, NY
cincinnati
Lujan
San Martín, Argentina
Bahrain
Ayrshire Scotland.
London, England
Indonesia
Land of the Rising Sun
hotel fladufladuflagënfa
Los Angeles, CA
Lima, Perú
♡2|2|18 ASTRO in SF♡
9-5-4 🛩 Philly
Austin, TX
Cleveland, OH
stinky ohio
Michigan, USA
Yorkshire and The Humber
adana
ᴊᴇᴍ ᴄᴀʀsᴛᴀɪʀs
Kingdom of Saudi Arabia. Pakistan
Til'thuca El-kiir, Fas'il
Lima, Peru
Sussex 
Kuwait
+5521
Nigeria 
Recife, Pernambuco
Nigeria
Los Banos, CA
Bay Area, CA
Staten Island, NY
Burbank, CA
Somewhere 
L
Macon, GA
Oxford, England
Wherever the wind takes me.
Atlantic City, NJ
🏴󠁧󠁢󠁳󠁣󠁴󠁿
wherever a dog is.
United States
Indonesia
UK
Cavite City, Calabarzon
 NorthWest UK 
India
searching the universe with exo
Nairobi, Kenya
Chalmers, IN
United States
World Wide
santiago cap-vert
666 Satan Way, Busin
Finland
israel🇮🇱 | rt pinned please
Chile✨ she//her
The Woodlands, TX
New Orleans,LA 
The Milky Way Galaxy
jamaica
Oklahoma, USA
San Francisco Bay Area
Ohio, USA
Alabama
#1 shawmila stan [🏹]
Earth
UAE
Abbotsford, British Columbia
Srebrenik
your phone
Russia 
London
Texas, USA
oman
Going 240mph
Mission, TX
south tx
Shop ▶️
Hiram Clarke
Central Texas
South Carolina, USA
Mother Earth
United Kingdom
#ATLast  
Larkhall, Scotland
Carlsbad, CA
Chicago, IL
Ragnar Lothbrok's Chest
Faggot Town, USA
Bath, England
Lagos
CHHS
Los Angeles, CA
Velaris
Now Always Forever
Louisiana, USA
Ft. Lauderdale, FL
Ghost on Sesame Street 👻 🇺🇸
Yelamanchili,india
Kumasi - Ashanti Region
North Carolina, United States
im the princess of china
Batavia, IL
Global
Phoenix, AZ
Gaia
❣🐻🐶🐺❣
KYItsogYAL
Hell
British Columbia, Canada
𝐢𝐥𝐨𝐯𝐞𝐤𝐲𝐮𝐧.𝐜𝐨.𝐤𝐫
ALABAMA
Scotland!!
Los Angeles, CA
Tennessee, USA
San Luis Argentina
Perth
BKK,THAILAND
 Scotland
Fort Lauderdale, FL
Giza, Egypt
A Bag
London
cih
New Jersey, USA
Greensboro, NC
svt exo bp
Prosper 
Queens, NY
Perry, FL
Somewhere in Neverland
Belgrade, Republic of Serbia
Queens, NY
Karachi, Pakistan
spaceship earth
Phoenix, ish
topbom jbminten lisayeon 
Edmonton, Alberta
Accra 
your timeline!
Johannesburg, South Africa
México
Houston, TX
Chicago, IL
WPG MB CANADA
i cant remember
Louisville,KY
Bengaluru, India
Oakville, CT
Curitiba
Ecuador Manabí Portoviejo 
San Juan, Puerto Rico
In bed listening to The Doors
Caen, France
✌🏼
Lagos, Nigeria
N's
Houston, TX
UK
Pg /Fanpage
Heaven on earth
Somewhere Dark But Beautiful 
SCOTLAND
#ENDViolence
White Center
Brussels, Belgium
Paris, France
DE and CT, USA
Sucha Beskidzka, Polska
Москва, Россия
Vancouver, WA
California (Bay Area)
Cleveland, OH
(she/her)
New Orleans, LA
USA
Milton Keynes, UK
Turtle Island...Gaia
Guam
Booking rtpig91@gmail.com 
San Anselmo, CA
Atlanta. Indianapolis. Chicago
Northern Virginia
USA
Pretoria (west)
My Utopia✨
☀️
Sweden
Sasural
Miami, FL
Velázquez, Rocha
Auckland, New Zealand
Mason, Ohio
Brasil
Kenilworth, Warwickshire
Orlando,FL
Batavia, NY
India
utd
Accra, Ghana
Scotland, United Kingdom
Dans ma cuisine
United States
Sturgis, KY
Mali
Maryland, USA
Edinburg, TX
Pakistan
👉🇮🇹💞🇬🇧 
Derry, Maine / tp™️ tt™️
another Minnesota Girl
Essex
Penang, Malaysian 
Pallet Town, Kanto
Los Angeles, CA
Ohio, USA
United States
Murphy, NC
MS, Republic of New Afrika
Montpellier, France
Kuwait
London, England
Kazakhstan
new york city 
Indonesia
•oma w̸ | gbc ♡
The Hidden Weed Village, NOLA
Canada
Franklin, TN
in ya dreams✨
In my own world
Izmir, Turkey
Washington, DC & beyond
Wakanda
United States
Instagram: @jaredfreid
South Dakota
Texas, USA
55.443, -4.629
USA
Medellín, Colombia
Michigan, USA
De Soto, KS
Temerant
Prattville, AL
East Village, San Diego
Connecticut
Port Elizabeth, South Africa
South Africa
Rep. Dom. 
India
Washington, USA
At Your Man’s House
Somewhere over yonder
Guayaquil, Ecuador
SoCal
Brasília, Brasil
ÜT: 52.123024,5.196485
Florida, USA
St. Vincent and the Grenadines
Detroit
México
Oslo, Norway
Homeschooling in Montana
Yorkshire, England.
Home Alone, Come Over
MA
she/her
Montréal, Québec
Rotherham, England
Aduunka
TIB LAND
sulli | agb | ggs
God's Country...(Texas)
Omaha, NE
ขอนแก่น, ประเทศไทย
Gorakhpur
Tampa, FL
Stuartfield, Scotland
Danmark
Abergele, North Wales
republique afrique du sud
Your Head
Columbus, OH
United States
Behind Enemy Lines
Kansas City, MO
